[ergo.creativezeune.com/index.html]
[gmpg.org/xfn/11.html]
[backblue.gif]
[fade.gif]
[index.html]
[ergo.creativezeune.com/wp-includes/css/dist/block-library/style.min080f.css]
[ergo.creativezeune.com/wp-includes/js/mediaelement/mediaelementplayer-legacy.min08e1.css]
[ergo.creativezeune.com/wp-includes/js/mediaelement/wp-mediaelement.min080f.css]
[ergo.creativezeune.com/wp-content/plugins/woocommerce/packages/woocommerce-blocks/build/wc-blocks-vendors-style42c6.css]
[ergo.creativezeune.com/feed/index.html]
[ergo.creativezeune.com/comments/feed/index.html]
[ergo.creativezeune.com/wp-content/plugins/woocommerce/packages/woocommerce-blocks/build/wc-blocks-style42c6.css]
[ergo.creativezeune.com/wp-content/plugins/betterdocs/admin/assets/css/betterdocs-el-edited19.css]
[ergo.creativezeune.com/wp-content/plugins/betterdocs/public/css/betterdocs-public8a54.css]
[ergo.creativezeune.com/wp-content/plugins/contact-form-7/includes/css/styles4245.css]
[ergo.creativezeune.com/wp-content/plugins/template-kit-export/public/assets/css/template-kit-export-public.min365c.css]
[ergo.creativezeune.com/wp-content/plugins/woocommerce/assets/css/woocommerce-layoutad76.css]
[ergo.creativezeune.com/wp-content/plugins/woocommerce/assets/css/woocommerce-smallscreenad76.css]
[ergo.creativezeune.com/wp-content/plugins/woocommerce/assets/css/woocommercead76.css]
[ergo.creativezeune.com/wp-content/plugins/woolementor/assets/css/front.min41fe.css]
[ergo.creativezeune.com/wp-content/plugins/woolementor/assets/css/cx-grid.min41fe.css]
[ergo.creativezeune.com/wp-content/themes/hello-elementor/style.min8066.css]
[ergo.creativezeune.com/wp-content/themes/hello-elementor/theme.min8066.css]
[ergo.creativezeune.com/wp-content/plugins/elementor/assets/lib/eicons/css/elementor-icons.min05c8.css]
[ergo.creativezeune.com/wp-content/plugins/elementor/assets/css/frontend-legacy.minb045.css]
[ergo.creativezeune.com/wp-content/plugins/elementor/assets/css/frontend.minb045.css]
[ergo.creativezeune.com/wp-content/uploads/sites/7/elementor/css/post-1452b6.css]
[ergo.creativezeune.com/wp-content/plugins/powerpack-lite-for-elementor/assets/css/min/frontend.mind315.css]
[ergo.creativezeune.com/wp-content/plugins/elementor/assets/lib/eicons/fonts/eicons0b93.eot]
[ergo.creativezeune.com/wp-content/plugins/wpforms-lite/assets/css/wpforms-full.mind7e2.css]
[ergo.creativezeune.com/wp-content/plugins/elementor-pro/assets/css/frontend.min324d.css]
[ergo.creativezeune.com/wp-content/plugins/press-elements/assets/css/typing-effect.min080f.css]
[ergo.creativezeune.com/wp-content/uploads/sites/7/elementor/css/post-40a594.css]
[ergo.creativezeune.com/wp-content/plugins/elementor/assets/lib/font-awesome/css/all.min1c9b.css]
[ergo.creativezeune.com/wp-content/plugins/elementor/assets/lib/font-awesome/css/v4-shims.minb045.css]
[ergo.creativezeune.com/wp-content/uploads/sites/7/elementor/css/post-468a594.css]
[ergo.creativezeune.com/wp-content/uploads/sites/7/elementor/css/post-46a8f0.css]
[ergo.creativezeune.com/wp-content/uploads/sites/7/elementor/css/post-1476a16c.css]
[ergo.creativezeune.com/wp-content/plugins/elementskit-lite/modules/elementskit-icon-pack/assets/css/ekiticons8d5a.css]
[ergo.creativezeune.com/wp-content/plugins/woo-variation-swatches/assets/css/frontend.min573a.css]
[ergo.creativezeune.com/wp-content/plugins/woo-variation-swatches/assets/css/wvs-theme-override.min573a.css]
[ergo.creativezeune.com/wp-content/plugins/woo-variation-swatches/assets/css/frontend-tooltip.min573a.css]
[ergo.creativezeune.com/wp-content/plugins/elementskit-lite/widgets/init/assets/css/responsive8d5a.css]
[ergo.creativezeune.com/wp-content/plugins/elementskit-lite/widgets/init/assets/css/widget-styles8d5a.css]
[ergo.creativezeune.com/wp-content/plugins/elementor/assets/lib/font-awesome/css/fontawesome.min52d5.css]
[ergo.creativezeune.com/wp-content/plugins/elementor/assets/lib/font-awesome/css/solid.min52d5.css]
[ergo.creativezeune.com/wp-content/plugins/elementor/assets/lib/font-awesome/css/regular.min52d5.css]
[ergo.creativezeune.com/wp-content/plugins/jetpack/css/jetpack5803.css]
[ergo.creativezeune.com/wp-includes/js/jquery/jquery-migrate.mind617.js]
[ergo.creativezeune.com/wp-includes/js/jquery/jquery.minaf6c.js]
[ergo.creativezeune.com/wp-content/plugins/template-kit-export/public/assets/js/template-kit-export-public.min365c.js]
[stats.wp.com/s-202206.js]
[ergo.creativezeune.com/wp-content/plugins/elementor/assets/lib/font-awesome/js/v4-shims.minb045.js]
[ergo.creativezeune.com/wp-json/wp/v2/pages/2.json]
[ergo.creativezeune.com/wp-json/index.html]
[ergo.creativezeune.com/xmlrpc0db0.php]
[ergo.creativezeune.com/wp-includes/wlwmanifest.xml]
[ergo.creativezeune.com/wp-json/oembed/1.0/embedb9f7.json]
[ergo.creativezeune.com/wp-json/oembed/1.0/embedf888]
[ergo.creativezeune.com/wp-content/uploads/sites/7/2021/02/Ergo-logo.png]
[ergo.creativezeune.com/shop/index.html]
[ergo.creativezeune.com/about/index.html]
[ergo.creativezeune.com/maintenance/index.html]
[ergo.creativezeune.com/wp-content/uploads/sites/7/2021/02/Ergo-logo-darks.png]
[ergo.creativezeune.com/news/index.html]
[ergo.creativezeune.com/testimonials/index.html]
[ergo.creativezeune.com/2021/03/09/cycling-on-your-period-harness-the-power-of-your-hormones/index.html]
[ergo.creativezeune.com/wp-content/uploads/sites/7/2021/02/homebike-4.png]
[ergo.creativezeune.com/careers/index.html]
[ergo.creativezeune.com/rent-a-bike/index.html]
[ergo.creativezeune.com/events/index.html]
[ergo.creativezeune.com/contact/index.html]
[ergo.creativezeune.com/find-retailers/index.html]
[ergo.creativezeune.com/help-center/index.html]
[ergo.creativezeune.com/privacy-policy/index.html]
[ergo.creativezeune.com/error-404/index.html]
[ergo.creativezeune.com/wp-content/uploads/sites/7/2021/02/Black-bike-1.png]
[www.youtube.com/watch4b47.html]
[ergo.creativezeune.com/wp-content/uploads/sites/7/2021/02/White-Bike-1.png]
[ergo.creativezeune.com/wp-content/uploads/sites/7/2021/02/Black-bike-2.png]
[ergo.creativezeune.com/wp-content/uploads/sites/7/2021/02/Handle-barakallahu-fik-dark-1024x683.jpg]
[ergo.creativezeune.com/wp-content/uploads/sites/7/2021/02/Testimonial02.1.png]
[ergo.creativezeune.com/wp-content/uploads/sites/7/2021/02/Roadbike1.1-300x225.jpg]
[ergo.creativezeune.com/wp-content/uploads/sites/7/2021/02/Roadbike2.1-225x300.jpg]
[ergo.creativezeune.com/wp-content/uploads/sites/7/2021/02/homebike-3.png]
[ergo.creativezeune.com/wp-content/uploads/sites/7/2021/02/MTB01-300x225.jpg]
[ergo.creativezeune.com/wp-content/uploads/sites/7/2021/02/MTB02-225x300.jpg]
[ergo.creativezeune.com/wp-content/uploads/sites/7/2021/02/MTB04-300x225.jpg]
[ergo.creativezeune.com/wp-content/uploads/sites/7/2021/02/MTB03-225x300.jpg]
[ergo.creativezeune.com/wp-content/uploads/sites/7/2021/02/Testimonial01.png]
[ergo.creativezeune.com/wp-content/uploads/sites/7/2021/02/Hills-819x1024.jpg]
[ergo.creativezeune.com/wp-content/uploads/sites/7/2021/02/Bike-crop01.1.png]
[ergo.creativezeune.com/wp-content/uploads/sites/7/2021/02/Bike-crop02.png]
[ergo.creativezeune.com/wp-content/uploads/sites/7/2021/02/Gears-01.png]
[ergo.creativezeune.com/wp-content/uploads/sites/7/2021/02/Gears-02.png]
[ergo.creativezeune.com/wp-content/uploads/sites/7/2021/02/Ergo-Asset-01.png]
[ergo.creativezeune.com/wp-content/uploads/sites/7/2021/02/Mylo-Team02.jpg]
[ergo.creativezeune.com/wp-content/uploads/sites/7/2021/02/PP01.jpg]
[ergo.creativezeune.com/wp-content/uploads/sites/7/2021/02/PP02.jpg]
[ergo.creativezeune.com/wp-content/uploads/sites/7/2021/02/MTB01.jpg]
[ergo.creativezeune.com/wp-content/uploads/sites/7/2021/02/MTB03.jpg]
[ergo.creativezeune.com/wp-content/uploads/sites/7/2021/02/Roadbike2.jpg]
[ergo.creativezeune.com/wp-content/uploads/sites/7/2021/02/MTB02.jpg]
[ergo.creativezeune.com/wp-content/uploads/sites/7/2021/03/Ergobike-04-300x300.png]
[ergo.creativezeune.com/wp-content/uploads/sites/7/2021/03/Ergobike-03-300x300.png]
[ergo.creativezeune.com/product/genius-trail-jx-100/index.html]
[ergo.creativezeune.com/wp-content/uploads/sites/7/2021/03/Ergobike-02-300x300.png]
[ergo.creativezeune.com/wp-content/uploads/sites/7/2021/03/Ergobike-01-300x300.png]
[ergo.creativezeune.com/product/ergo-trax-trl-3-0/index.html]
[ergo.creativezeune.com/product/erg-fuel-carbon-fe/index.html]
[ergo.creativezeune.com/wp-content/uploads/sites/7/2021/02/Full-Bike.jpg]
[ergo.creativezeune.com/wp-content/uploads/sites/7/2021/02/Bike-Race.jpg]
[ergo.creativezeune.com/2021/03/09/focus-ergo-mx514-gravel-bike-review/index.html]
[ergo.creativezeune.com/category/ergo-riders/index.html]
[ergo.creativezeune.com/category/road-bike/index.html]
[ergo.creativezeune.com/wp-content/uploads/sites/7/2021/02/Bike-handle-bar.jpg]
[ergo.creativezeune.com/category/tips-and-tricks/index.html]
[ergo.creativezeune.com/category/urban-ride/index.html]
[ergo.creativezeune.com/wp-content/plugins/premium-addons-for-elementor/assets/frontend/min-css/premium-addons.min1c9b.css]
[ergo.creativezeune.com/2021/02/16/ergo-switchblade/index.html]
[ergo.creativezeune.com/wp-content/plugins/elementor/assets/lib/animations/animations.minb045.css]
[ergo.creativezeune.com/wp-content/plugins/betterdocs/admin/assets/js/promotioned19.js]
[ergo.creativezeune.com/wp-content/plugins/betterdocs/admin/assets/js/betterdocs-el-editored19.js]
[ergo.creativezeune.com/category/bike-hacks/index.html]
[ergo.creativezeune.com/wp-content/plugins/betterdocs/public/js/betterdocs-public8a54.js]
[ergo.creativezeune.com/wp-includes/js/clipboard.min080f.js]
[ergo.creativezeune.com/wp-includes/js/dist/vendor/regenerator-runtime.minb36a.js]
[ergo.creativezeune.com/wp-includes/js/dist/vendor/wp-polyfill.min2c7c.js]
[ergo.creativezeune.com/wp-content/plugins/contact-form-7/includes/js/index4245.js]
[ergo.creativezeune.com/wp-content/plugins/woocommerce/assets/js/jquery-blockui/jquery.blockUI.min272a.js]
[ergo.creativezeune.com/wp-content/plugins/woocommerce/assets/js/frontend/add-to-cart.minad76.js]
[ergo.creativezeune.com/wp-content/plugins/woocommerce/assets/js/js-cookie/js.cookie.min00bc.js]
[ergo.creativezeune.com/indexd57a.html]
[ergo.creativezeune.com/wp-content/plugins/woocommerce/assets/js/frontend/woocommerce.minad76.js]
[ergo.creativezeune.com/index639b.html]
[ergo.creativezeune.com/wp-content/plugins/woocommerce/assets/js/frontend/cart-fragments.minad76.js]
[ergo.creativezeune.com/indexe783.html]
[ergo.creativezeune.com/wp-content/plugins/woolementor/assets/js/front.min41fe.js]
[ergo.creativezeune.com/indexa5d8.html]
[ergo.creativezeune.com/wp-includes/js/jquery/ui/core.min35d0.js]
[ergo.creativezeune.com/wp-includes/js/jquery/ui/tabs.min35d0.js]
[ergo.creativezeune.com/wp-content/plugins/elementskit-lite/libs/framework/assets/js/frontend-script8d5a.js]
[ergo.creativezeune.com/wp-content/plugins/elementskit-lite/widgets/init/assets/js/widget-scripts8d5a.js]
[ergo.creativezeune.com/wp-includes/js/underscore.min0028.js]
[ergo.creativezeune.com/wp-includes/js/wp-util.min080f.js]
[ergo.creativezeune.com/wp-content/plugins/woocommerce/assets/js/frontend/add-to-cart-variation.minad76.js]
[ergo.creativezeune.com/wp-content/plugins/woo-variation-swatches/assets/js/frontend.min573a.js]
[ergo.creativezeune.com/wp-includes/js/wp-embed.min080f.js]
[ergo.creativezeune.com/wp-includes/js/jquery/ui/mouse.min35d0.js]
[ergo.creativezeune.com/wp-includes/js/jquery/ui/draggable.min35d0.js]
[ergo.creativezeune.com/wp-content/plugins/premium-addons-for-elementor/assets/frontend/min-js/premium-addons.min1c9b.js]
[ergo.creativezeune.com/wp-content/plugins/elementor/assets/lib/waypoints/waypoints.min05da.js]
[ergo.creativezeune.com/wp-includes/js/imagesloaded.mineda1.js]
[ergo.creativezeune.com/wp-content/plugins/premium-addons-for-elementor/assets/frontend/min-js/isotope.min1c9b.js]
[ergo.creativezeune.com/wp-content/plugins/premium-addons-for-elementor/assets/frontend/min-js/slick.min1c9b.js]
[ergo.creativezeune.com/wp-content/plugins/elementor-pro/assets/js/webpack-pro.runtime.min324d.js]
[ergo.creativezeune.com/wp-content/plugins/elementor/assets/js/webpack.runtime.minb045.js]
[ergo.creativezeune.com/wp-content/plugins/elementor/assets/js/frontend-modules.minb045.js]
[ergo.creativezeune.com/wp-content/plugins/elementor-pro/assets/lib/sticky/jquery.sticky.min324d.js]
[ergo.creativezeune.com/wp-content/plugins/elementor-pro/assets/js/frontend.min324d.js]
[ergo.creativezeune.com/wp-content/plugins/elementor/assets/lib/share-link/share-link.minb045.js]
[ergo.creativezeune.com/wp-content/plugins/elementor/assets/lib/dialog/dialog.mina288.js]
[ergo.creativezeune.com/wp-content/plugins/elementor/assets/lib/swiper/swiper.min48f5.js]
[ergo.creativezeune.com/wp-content/plugins/elementor/assets/js/frontend.minb045.js]
[ergo.creativezeune.com/wp-content/plugins/elementskit-lite/widgets/init/assets/js/animate-circle8d5a.js]
[ergo.creativezeune.com/wp-content/plugins/elementskit-lite/widgets/init/assets/js/elementor8d5a.js]
[ergo.creativezeune.com/wp-content/plugins/elementor-pro/assets/js/preloaded-elements-handlers.min324d.js]
[ergo.creativezeune.com/wp-content/plugins/elementor/assets/js/preloaded-modules.minb045.js]
[ergo.creativezeune.com/wp-content/plugins/wpforms-lite/assets/js/integrations/elementor/frontend.mind7e2.js]
[ergo.creativezeune.com/index.html]
[stats.wp.com/e-202206.js]
[gmpg.org/xfn/default.css]
[gmpg.org/xfn/intro.html]
[gmpg.org/xfn/faq.html]
[gmpg.org/xfn/thanks.html]
[gmpg.org/xfn/11.html]
[stats.wp.com/index.html]
[s.w.org/index.html]
[ergo.creativezeune.com/wp-includes/css/dist/block-library/style.min080f.css]
[ergo.creativezeune.com/wp-includes/js/mediaelement/mediaelementplayer-legacy.min08e1.css]
[ergo.creativezeune.com/wp-includes/js/mediaelement/wp-mediaelement.min080f.css]
[ergo.creativezeune.com/wp-content/plugins/woocommerce/packages/woocommerce-blocks/build/wc-blocks-vendors-style42c6.css]
[ergo.creativezeune.com/wp-content/plugins/woocommerce/packages/woocommerce-blocks/build/wc-blocks-style42c6.css]
[ergo.creativezeune.com/wp-content/plugins/betterdocs/admin/assets/css/betterdocs-el-edited19.css]
[ergo.creativezeune.com/wp-content/plugins/betterdocs/public/css/betterdocs-public8a54.css]
[ergo.creativezeune.com/wp-content/plugins/contact-form-7/includes/css/styles4245.css]
[ergo.creativezeune.com/wp-content/plugins/template-kit-export/public/assets/css/template-kit-export-public.min365c.css]
[ergo.creativezeune.com/wp-content/plugins/woocommerce/assets/css/woocommerce-layoutad76.css]
[ergo.creativezeune.com/wp-content/plugins/woocommerce/assets/css/woocommerce-smallscreenad76.css]
[ergo.creativezeune.com/wp-includes/js/mediaelement/mejs-controls.svg]
[ergo.creativezeune.com/wp-content/plugins/woocommerce/assets/fonts/star.eot]
[ergo.creativezeune.com/wp-content/plugins/woocommerce/assets/fonts/stard41d.eot]
[ergo.creativezeune.com/wp-content/plugins/woocommerce/assets/fonts/star.woff]
[ergo.creativezeune.com/wp-content/plugins/woocommerce/assets/fonts/star.ttf]
[ergo.creativezeune.com/wp-content/plugins/woocommerce/assets/fonts/star.svg]
[ergo.creativezeune.com/wp-content/plugins/woocommerce/assets/fonts/WooCommerce.eot]
[ergo.creativezeune.com/wp-content/plugins/woocommerce/assets/fonts/WooCommerced41d.eot]
[ergo.creativezeune.com/wp-content/plugins/woocommerce/assets/fonts/WooCommerce.woff]
[ergo.creativezeune.com/wp-content/plugins/woocommerce/assets/fonts/WooCommerce.ttf]
[ergo.creativezeune.com/wp-content/plugins/woocommerce/assets/fonts/WooCommerce.svg]
[ergo.creativezeune.com/wp-content/plugins/woocommerce/assets/images/icons/credit-cards/visa.svg]
[ergo.creativezeune.com/wp-content/plugins/woocommerce/assets/images/icons/credit-cards/mastercard.svg]
[ergo.creativezeune.com/wp-content/plugins/woocommerce/assets/images/icons/credit-cards/laser.svg]
[ergo.creativezeune.com/wp-content/plugins/woocommerce/assets/images/icons/credit-cards/diners.svg]
[ergo.creativezeune.com/wp-content/plugins/woocommerce/assets/images/icons/credit-cards/maestro.svg]
[ergo.creativezeune.com/wp-content/plugins/woocommerce/assets/images/icons/credit-cards/jcb.svg]
[ergo.creativezeune.com/wp-content/plugins/woocommerce/assets/images/icons/credit-cards/amex.svg]
[ergo.creativezeune.com/wp-content/plugins/woocommerce/assets/css/woocommercead76.css]
[ergo.creativezeune.com/wp-content/plugins/woolementor/assets/css/front.min41fe.css]
[ergo.creativezeune.com/wp-content/plugins/woolementor/assets/css/cx-grid.min41fe.css]
[ergo.creativezeune.com/wp-content/themes/hello-elementor/style.min8066.css]
[ergo.creativezeune.com/wp-content/themes/hello-elementor/theme.min8066.css]
[ergo.creativezeune.com/wp-content/plugins/woocommerce/assets/images/icons/credit-cards/discover.svg]
[ergo.creativezeune.com/wp-content/plugins/elementor/assets/lib/eicons/fonts/eiconsc387.woff2]
[ergo.creativezeune.com/wp-content/plugins/elementor/assets/lib/eicons/fonts/eiconsc387.woff]
[ergo.creativezeune.com/wp-content/plugins/elementor/assets/lib/eicons/fonts/eiconsc387.eot]
[ergo.creativezeune.com/wp-content/plugins/elementor/assets/lib/eicons/css/elementor-icons.min05c8.css]
[ergo.creativezeune.com/wp-content/plugins/elementor/assets/css/frontend-legacy.minb045.css]
[ergo.creativezeune.com/wp-content/plugins/elementor/assets/css/frontend.minb045.css]
[ergo.creativezeune.com/wp-content/uploads/sites/7/elementor/css/post-1452b6.css]
[ergo.creativezeune.com/wp-content/plugins/powerpack-lite-for-elementor/assets/css/min/frontend.mind315.css]
[ergo.creativezeune.com/wp-content/plugins/elementor/assets/lib/eicons/fonts/eiconsc387.ttf]
[ergo.creativezeune.com/wp-content/plugins/elementor/assets/lib/eicons/fonts/eiconsc387.svg]
[ergo.creativezeune.com/wp-content/plugins/wpforms-lite/assets/images/times-solid-white.svg]
[ergo.creativezeune.com/wp-content/plugins/wpforms-lite/assets/css/wpforms-full.mind7e2.css]
[ergo.creativezeune.com/wp-content/plugins/elementor-pro/assets/css/frontend.min324d.css]
[ergo.creativezeune.com/wp-content/plugins/press-elements/assets/css/typing-effect.min080f.css]
[ergo.creativezeune.com/wp-content/uploads/sites/7/elementor/css/post-252b6.css]
[ergo.creativezeune.com/wp-content/uploads/sites/7/elementor/css/post-40a594.css]
[ergo.creativezeune.com/wp-content/plugins/elementor/assets/lib/font-awesome/webfonts/fa-brands-400.eot]
[ergo.creativezeune.com/wp-content/plugins/elementor/assets/lib/font-awesome/webfonts/fa-brands-400.woff2]
[ergo.creativezeune.com/wp-content/plugins/elementor/assets/lib/font-awesome/webfonts/fa-brands-400d41d.eot]
[ergo.creativezeune.com/wp-content/plugins/elementor/assets/lib/font-awesome/webfonts/fa-brands-400.woff]
[ergo.creativezeune.com/wp-content/plugins/elementor/assets/lib/font-awesome/webfonts/fa-brands-400.ttf]
[ergo.creativezeune.com/wp-content/plugins/elementor/assets/lib/font-awesome/webfonts/fa-brands-400.svg]
[ergo.creativezeune.com/wp-content/plugins/elementor/assets/lib/font-awesome/webfonts/fa-regular-400.eot]
[ergo.creativezeune.com/wp-content/plugins/elementor/assets/lib/font-awesome/webfonts/fa-regular-400d41d.eot]
[ergo.creativezeune.com/wp-content/plugins/elementor/assets/lib/font-awesome/webfonts/fa-regular-400.woff2]
[ergo.creativezeune.com/wp-content/plugins/elementor/assets/lib/font-awesome/webfonts/fa-regular-400.woff]
[ergo.creativezeune.com/wp-content/plugins/elementor/assets/lib/font-awesome/webfonts/fa-regular-400.ttf]
[ergo.creativezeune.com/wp-content/plugins/elementor/assets/lib/font-awesome/webfonts/fa-regular-400.svg]
[ergo.creativezeune.com/wp-content/plugins/elementor/assets/lib/font-awesome/webfonts/fa-solid-900.eot]
[ergo.creativezeune.com/wp-content/plugins/elementor/assets/lib/font-awesome/webfonts/fa-solid-900.woff2]
[ergo.creativezeune.com/wp-content/plugins/elementor/assets/lib/font-awesome/webfonts/fa-solid-900d41d.eot]
[ergo.creativezeune.com/wp-content/plugins/elementor/assets/lib/font-awesome/webfonts/fa-solid-900.woff]
[ergo.creativezeune.com/wp-content/plugins/elementor/assets/lib/font-awesome/webfonts/fa-solid-900.ttf]
[ergo.creativezeune.com/wp-content/plugins/elementor/assets/lib/font-awesome/css/all.min1c9b.css]
[ergo.creativezeune.com/wp-content/plugins/elementor/assets/lib/font-awesome/css/v4-shims.minb045.css]
[ergo.creativezeune.com/wp-content/uploads/sites/7/elementor/css/post-468a594.css]
[ergo.creativezeune.com/wp-content/plugins/elementor/assets/lib/font-awesome/webfonts/fa-solid-900.svg]
[ergo.creativezeune.com/wp-content/uploads/sites/7/2021/02/Handle-barakallahu-fik-dark.jpg]
[ergo.creativezeune.com/wp-content/uploads/sites/7/2021/02/Bike-Handle-Bars.png]
[ergo.creativezeune.com/wp-content/uploads/sites/7/2021/02/Mountain-Bike-Frame-3.png]
[ergo.creativezeune.com/wp-content/uploads/sites/7/2021/02/us06qf_sxu8.jpg]
[ergo.creativezeune.com/wp-content/uploads/sites/7/elementor/css/post-46a8f0.css]
[ergo.creativezeune.com/wp-content/uploads/sites/7/2021/03/Bike-Trekking-3.jpg]
[ergo.creativezeune.com/wp-content/uploads/sites/7/elementor/css/post-1476a16c.css]
[ergo.creativezeune.com/wp-content/plugins/elementskit-lite/modules/elementskit-icon-pack/assets/fonts/elementskit97ac.woff]
[ergo.creativezeune.com/wp-content/plugins/elementskit-lite/modules/elementskit-icon-pack/assets/css/ekiticons8d5a.css]
[ergo.creativezeune.com/wp-content/plugins/woo-variation-swatches/assets/css/frontend.min573a.css]
[ergo.creativezeune.com/wp-content/plugins/woo-variation-swatches/assets/css/wvs-theme-override.min573a.css]
[ergo.creativezeune.com/wp-content/plugins/woo-variation-swatches/assets/css/frontend-tooltip.min573a.css]
[ergo.creativezeune.com/wp-content/plugins/elementskit-lite/widgets/init/assets/img/arrow.png]
[ergo.creativezeune.com/wp-content/plugins/elementskit-lite/widgets/init/assets/img/sort_asc.png]
[ergo.creativezeune.com/wp-content/plugins/elementskit-lite/widgets/init/assets/img/sort_desc.png]
[ergo.creativezeune.com/wp-content/plugins/elementskit-lite/widgets/init/assets/img/sort_asc_disabled.png]
[ergo.creativezeune.com/wp-content/plugins/elementskit-lite/widgets/init/assets/img/cross-out.svg]
[ergo.creativezeune.com/wp-content/plugins/elementskit-lite/widgets/init/assets/css/widget-styles8d5a.css]
[ergo.creativezeune.com/wp-content/plugins/elementskit-lite/widgets/init/assets/css/responsive8d5a.css]
[fonts.googleapis.com/css964c.css]
[ergo.creativezeune.com/wp-content/plugins/elementor/assets/lib/font-awesome/css/fontawesome.min52d5.css]
[ergo.creativezeune.com/wp-content/plugins/elementor/assets/lib/font-awesome/css/solid.min52d5.css]
[ergo.creativezeune.com/wp-content/plugins/elementor/assets/lib/font-awesome/css/regular.min52d5.css]
[ergo.creativezeune.com/wp-content/plugins/jetpack/modules/shortcodes/img/slideshow-controls.png]
[ergo.creativezeune.com/wp-content/plugins/jetpack/modules/shortcodes/img/slideshow-controls-2x.png]
[ergo.creativezeune.com/wp-content/plugins/jetpack/modules/shortcodes/images/slide-nav.png]
[ergo.creativezeune.com/wp-content/plugins/jetpack/modules/shortcodes/images/expand.png]
[ergo.creativezeune.com/wp-content/plugins/jetpack/modules/shortcodes/images/collapse.png]
[secure.gravatar.com/images/grav-share-sprite.png]
[ergo.creativezeune.com/wp-content/plugins/jetpack/css/jetpack5803.css]
[ergo.creativezeune.com/wp-content/uploads/sites/7/elementor/css/post-903e457.css]
[ergo.creativezeune.com/shop/feed/index.html]
[ergo.creativezeune.com/wp-content/uploads/sites/7/2021/03/Ergobike-05-300x300.png]
[ergo.creativezeune.com/wp-content/uploads/sites/7/2021/03/Bike-Electric-2.png]
[ergo.creativezeune.com/shop/index.html]
[ergo.creativezeune.com/shop/index639b.html]
[ergo.creativezeune.com/wp-content/uploads/sites/7/elementor/css/post-47112d9.css]
[ergo.creativezeune.com/shop/indexe783.html]
[ergo.creativezeune.com/shop/indexd57a.html]
[ergo.creativezeune.com/shop/index30b5.html]
[ergo.creativezeune.com/product/camello-carbon-axs-54/index.html]
[ergo.creativezeune.com/shop/indexa5d8.html]
[ergo.creativezeune.com/product/ergo-ouval-rv-50/index.html]
[ergo.creativezeune.com/shop/index8365.html]
[ergo.creativezeune.com/wp-json/wp/v2/pages/16.json]
[ergo.creativezeune.com/product/gennie-ebx-900-ex/index.html]
[ergo.creativezeune.com/product/gennie-ebx-900/index.html]
[ergo.creativezeune.com/shop/index15cb.html]
[ergo.creativezeune.com/shop/index5bce.html]
[ergo.creativezeune.com/wp-json/oembed/1.0/embed1c45.json]
[ergo.creativezeune.com/product/ripple-optic-rbx/index.html]
[ergo.creativezeune.com/product/trance-reactor-tr-10/index.html]
[ergo.creativezeune.com/shop/index5ecf.html]
[ergo.creativezeune.com/shop/index0be2.html]
[ergo.creativezeune.com/wp-json/oembed/1.0/embed62b9]
[ergo.creativezeune.com/about/index5593.html]
[ergo.creativezeune.com/product/specturm-erg-x1/index.html]
[ergo.creativezeune.com/shop/index8ee9.html]
[ergo.creativezeune.com/product/ergo-hbx-21-carbon/index.html]
[ergo.creativezeune.com/shop/indexb7cf.html]
[ergo.creativezeune.com/about/http_/ergo.creativezeune.com/wp-content/uploads/sites/7/2021/02/A11V8406.jpg]
[ergo.creativezeune.com/wp-content/uploads/sites/7/2021/03/Team-02-961x1024.jpg]
[ergo.creativezeune.com/wp-content/uploads/sites/7/2021/03/Team-03-962x1024.jpg]
[ergo.creativezeune.com/wp-content/uploads/sites/7/2021/03/Team-04-961x1024.jpg]
[ergo.creativezeune.com/wp-content/uploads/sites/7/2021/03/Brand-05.png]
[ergo.creativezeune.com/wp-content/uploads/sites/7/2021/03/Brand-01.png]
[ergo.creativezeune.com/wp-content/uploads/sites/7/2021/03/Brand-04.png]
[ergo.creativezeune.com/wp-content/uploads/sites/7/2021/03/Brand-06.png]
[ergo.creativezeune.com/wp-content/uploads/sites/7/2021/03/Brand-03.png]
[ergo.creativezeune.com/wp-content/uploads/sites/7/2021/03/Brand-02.png]
[ergo.creativezeune.com/wp-content/uploads/sites/7/2021/03/Logo-05.png]
[ergo.creativezeune.com/about/index.html]
[ergo.creativezeune.com/wp-content/uploads/sites/7/elementor/css/post-58658c0.css]
[ergo.creativezeune.com/wp-json/wp/v2/pages/526.json]
[ergo.creativezeune.com/wp-json/oembed/1.0/embed2d1f.json]
[ergo.creativezeune.com/wp-json/oembed/1.0/embedba23]
[ergo.creativezeune.com/maintenance/index5593.html]
[ergo.creativezeune.com/maintenance/http_/ergo.creativezeune.com/wp-content/uploads/sites/7/2021/03/Team-01.jpg]
[ergo.creativezeune.com/wp-content/uploads/sites/7/2021/03/Bike-Electric-3.png]
[ergo.creativezeune.com/wp-content/uploads/sites/7/2021/03/CS-Ergo.jpg]
[ergo.creativezeune.com/wp-content/uploads/sites/7/2021/03/Bike-Service-01-768x1150.jpg]
[ergo.creativezeune.com/wp-content/uploads/sites/7/2021/03/Bike-Service-02-768x1150.jpg]
[ergo.creativezeune.com/wp-content/uploads/sites/7/2021/03/Bike-Service-03-768x1150.jpg]
[ergo.creativezeune.com/wp-content/plugins/elementor/assets/lib/jquery-numerator/jquery-numerator.min3958.js]
[ergo.creativezeune.com/maintenance/index.html]
[ergo.creativezeune.com/wp-content/uploads/sites/7/elementor/css/post-721ff41.css]
[ergo.creativezeune.com/wp-content/uploads/sites/7/2021/02/Lightest-Bike.jpg]
[ergo.creativezeune.com/wp-content/uploads/sites/7/2021/02/Gears-Bike.jpg]
[ergo.creativezeune.com/2021/01/04/ergo-launches-worlds-lightest-e-road-bike/index.html]
[ergo.creativezeune.com/tag/how-to/index.html]
[ergo.creativezeune.com/wp-content/uploads/sites/7/2021/02/Full-Bike-300x200.jpg]
[ergo.creativezeune.com/tag/ergo-bike/index.html]
[ergo.creativezeune.com/tag/e-bike/index.html]
[ergo.creativezeune.com/tag/road-bike/index.html]
[ergo.creativezeune.com/2021/02/09/the-messy-truth-about-spray-on-chain-lube/index.html]
[ergo.creativezeune.com/tag/ergo-tips/index.html]
[ergo.creativezeune.com/wp-content/uploads/sites/7/2021/02/Bike-Race-300x200.jpg]
[ergo.creativezeune.com/wp-content/uploads/sites/7/2021/02/Bike-handle-bar-300x200.jpg]
[ergo.creativezeune.com/wp-content/uploads/sites/7/2021/02/Bike-race-2-300x200.jpg]
[ergo.creativezeune.com/wp-content/uploads/sites/7/2021/02/Gears-Bike-300x200.jpg]
[ergo.creativezeune.com/wp-content/uploads/sites/7/2021/02/Rider-2-300x200.jpg]
[ergo.creativezeune.com/wp-content/uploads/sites/7/2021/02/Bike-rider-300x200.jpg]
[ergo.creativezeune.com/wp-content/uploads/sites/7/2021/02/Lightest-Bike-300x200.jpg]
[ergo.creativezeune.com/2021/01/09/joshua-cavera-sprints-to-his-best-result-in-years-at-gp-greenland/index.html]
[ergo.creativezeune.com/2021/01/17/how-to-raise-a-handlebars-on-your-ergo-bike/index.html]
[ergo.creativezeune.com/wp-content/uploads/sites/7/2021/02/Ergo-Trail-Tested-300x200.jpg]
[ergo.creativezeune.com/2020/11/26/ergo-trail-tested-ergx-31-race-brakes-what-you-need-to-know/index.html]
[ergo.creativezeune.com/wp-content/uploads/sites/7/2021/02/Full-Bike-1024x683.jpg]
[ergo.creativezeune.com/wp-content/uploads/sites/7/2021/02/Bike-Race-1024x683.jpg]
[ergo.creativezeune.com/wp-content/uploads/sites/7/2021/02/Bike-handle-bar-1024x683.jpg]
[ergo.creativezeune.com/2021/02/09/ergo-trw-fork-gold-race-to-go-ahead-on-closed-circuit/index.html]
[ergo.creativezeune.com/wp-content/uploads/sites/7/2021/02/Bike-race-2-1024x683.jpg]
[ergo.creativezeune.com/wp-content/uploads/sites/7/2021/02/Gears-Bike-1024x683.jpg]
[ergo.creativezeune.com/wp-content/uploads/sites/7/2021/03/man-with-a-cycle-PDXRD3C-683x1024.jpg]
[ergo.creativezeune.com/news/index.html]
[ergo.creativezeune.com/wp-content/uploads/sites/7/elementor/css/post-77631ed.css]
[ergo.creativezeune.com/2021/03/09/cycling-on-your-period-harness-the-power-of-your-hormones/feed/index.html]
[ergo.creativezeune.com/wp-json/wp/v2/posts/704.json]
[ergo.creativezeune.com/wp-json/oembed/1.0/embed0c22.json]
[ergo.creativezeune.com/wp-json/oembed/1.0/embedf553]
[ergo.creativezeune.com/2021/03/09/cycling-on-your-period-harness-the-power-of-your-hormones/index5593.html]
[ergo.creativezeune.com/author/sandez/index.html]
[ergo.creativezeune.com/2021/03/09/index.html]
[ergo.creativezeune.com/wp-content/uploads/sites/7/2021/02/Roadcrop-1024x269.jpg]
[ergo.creativezeune.com/2021/03/09/cycling-on-your-period-harness-the-power-of-your-hormones/index.html]
[ergo.creativezeune.com/wp-content/plugins/elementskit-lite/widgets/init/assets/js/goodshare.min080f.js]
[ergo.creativezeune.com/product/r-works-stuns-xc-01/index.html]
[ergo.creativezeune.com/wp-content/uploads/sites/7/elementor/css/post-6026d2f.css]
[ergo.creativezeune.com/wp-json/wp/v2/pages/524.json]
[ergo.creativezeune.com/wp-json/oembed/1.0/embed1e48.json]
[ergo.creativezeune.com/wp-json/oembed/1.0/embed0a52]
[ergo.creativezeune.com/wp-content/uploads/sites/7/2021/03/Team-03.jpg]
[ergo.creativezeune.com/testimonials/index5593.html]
[ergo.creativezeune.com/wp-content/uploads/sites/7/2021/02/Roadbike2.1.jpg]
[ergo.creativezeune.com/wp-content/uploads/sites/7/2021/03/Team-02.jpg]
[ergo.creativezeune.com/wp-content/uploads/sites/7/2021/03/Team-04.jpg]
[ergo.creativezeune.com/testimonials/index.html]
[ergo.creativezeune.com/wp-content/uploads/sites/7/elementor/css/post-572d77a.css]
[ergo.creativezeune.com/wp-json/wp/v2/pages/522.json]
[ergo.creativezeune.com/wp-json/oembed/1.0/embed6422.json]
[ergo.creativezeune.com/wp-json/oembed/1.0/embed410d]
[ergo.creativezeune.com/rent-a-bike/index5593.html]
[ergo.creativezeune.com/wp-content/uploads/sites/7/2021/03/Ergobike-02.png]
[ergo.creativezeune.com/wp-content/uploads/sites/7/2021/03/Ergobike-03.png]
[ergo.creativezeune.com/wp-content/uploads/sites/7/2021/03/Ergobike-04.png]
[ergo.creativezeune.com/wp-content/uploads/sites/7/2021/03/Ergobike-01.png]
[ergo.creativezeune.com/rent-a-bike/index.html]
[ergo.creativezeune.com/wp-content/uploads/sites/7/elementor/css/post-518fcdd.css]
[ergo.creativezeune.com/rent-a-bike/index639b.html]
[ergo.creativezeune.com/wp-json/wp/v2/pages/520.json]
[ergo.creativezeune.com/rent-a-bike/indexd57a.html]
[ergo.creativezeune.com/rent-a-bike/indexa5d8.html]
[ergo.creativezeune.com/rent-a-bike/indexe783.html]
[ergo.creativezeune.com/wp-json/oembed/1.0/embed4cd0.json]
[ergo.creativezeune.com/events/index.html]
[ergo.creativezeune.com/wp-json/oembed/1.0/embed031c]
[ergo.creativezeune.com/events/index5593.html]
[ergo.creativezeune.com/wp-content/uploads/sites/7/elementor/css/post-697cb92.css]
[ergo.creativezeune.com/wp-json/wp/v2/pages/693.json]
[ergo.creativezeune.com/events/indexd57a.html]
[ergo.creativezeune.com/events/index639b.html]
[ergo.creativezeune.com/events/indexa5d8.html]
[ergo.creativezeune.com/events/indexe783.html]
[ergo.creativezeune.com/wp-json/oembed/1.0/embed884f.json]
[ergo.creativezeune.com/contact/index.html]
[ergo.creativezeune.com/wp-json/oembed/1.0/embed2ba5]
[ergo.creativezeune.com/wp-content/uploads/sites/7/elementor/css/post-62942fe.css]
[ergo.creativezeune.com/contact/index5593.html]
[ergo.creativezeune.com/wp-json/wp/v2/pages/528.json]
[ergo.creativezeune.com/wp-json/oembed/1.0/embedff47.json]
[ergo.creativezeune.com/wp-json/oembed/1.0/embed0cec]
[ergo.creativezeune.com/find-retailers/index5593.html]
[ergo.creativezeune.com/wp-content/uploads/sites/7/2021/03/Sport-Triathlon-Bike.H03.2k2-1024x906.png]
[ergo.creativezeune.com/find-retailers/index.html]
[ergo.creativezeune.com/wp-content/uploads/sites/7/elementor/css/post-623e6ca.css]
[ergo.creativezeune.com/wp-json/wp/v2/pages/530.json]
[ergo.creativezeune.com/wp-json/oembed/1.0/embedc618.json]
[ergo.creativezeune.com/wp-json/oembed/1.0/embed6ace]
[ergo.creativezeune.com/careers/index5593.html]
[ergo.creativezeune.com/wp-content/uploads/sites/7/2021/03/Bike-Service-02.jpg]
[ergo.creativezeune.com/wp-content/uploads/sites/7/2021/03/Bike-Service-01.jpg]
[ergo.creativezeune.com/wp-content/uploads/sites/7/2021/03/Bike-Service-03.jpg]
[ergo.creativezeune.com/careers/index.html]
[ergo.creativezeune.com/wp-content/uploads/sites/7/elementor/css/post-67227b7.css]
[ergo.creativezeune.com/wp-json/wp/v2/pages/656.json]
[ergo.creativezeune.com/wp-json/oembed/1.0/embed7ac4.json]
[ergo.creativezeune.com/help-center/index.html]
[ergo.creativezeune.com/wp-json/oembed/1.0/embede6ce]
[ergo.creativezeune.com/wp-content/uploads/sites/7/elementor/css/post-6659278.css]
[ergo.creativezeune.com/help-center/index5593.html]
[ergo.creativezeune.com/wp-json/wp/v2/pages/658.json]
[ergo.creativezeune.com/wp-json/oembed/1.0/embed874f.json]
[ergo.creativezeune.com/privacy-policy/index.html]
[ergo.creativezeune.com/wp-json/oembed/1.0/embed759e]
[ergo.creativezeune.com/privacy-policy/index5593.html]
[ergo.creativezeune.com/wp-content/uploads/sites/7/elementor/css/post-92070f2.css]
[ergo.creativezeune.com/wp-json/wp/v2/pages/33.json]
[ergo.creativezeune.com/wp-json/oembed/1.0/embedbb9f.json]
[ergo.creativezeune.com/wp-json/oembed/1.0/embed79a3]
[ergo.creativezeune.com/error-404/index5593.html]
[ergo.creativezeune.com/wp-content/uploads/sites/7/2021/02/Bike-crop03.png]
[ergo.creativezeune.com/error-404/index.html]
[ergo.creativezeune.com/wp-content/plugins/elementor-pro/assets/lib/smartmenus/jquery.smartmenus.minf269.js]
[www.youtube.com/s/desktop/bc7edae9/img/favicon.ico]
[www.youtube.com/s/desktop/bc7edae9/img/favicon_32x32.png]
[www.youtube.com/s/desktop/bc7edae9/img/favicon_48x48.png]
[www.youtube.com/s/desktop/bc7edae9/img/favicon_96x96.png]
[www.youtube.com/s/desktop/bc7edae9/img/favicon_144x144.png]
[www.youtube.com/s/desktop/bc7edae9/jsbin/web-animations-next-lite.min.vflset/web-animations-next-lite.min.js]
[www.youtube.com/s/desktop/bc7edae9/jsbin/webcomponents-all-noPatch.vflset/webcomponents-all-noPatch.js]
[www.youtube.com/s/desktop/bc7edae9/jsbin/fetch-polyfill.vflset/fetch-polyfill.js]
[www.youtube.com/s/desktop/bc7edae9/jsbin/intersection-observer.min.vflset/intersection-observer.min.js]
[www.youtube.com/s/desktop/bc7edae9/jsbin/scheduler.vflset/scheduler.js]
[www.youtube.com/s/desktop/bc7edae9/jsbin/www-i18n-constants-en_US.vflset/www-i18n-constants.js]
[www.youtube.com/opensearch97fa]
[www.youtube.com/manifest.webmanifest]
[www.youtube.com/s/player/326d75a6/player_ias.vflset/en_US/base.js]
[www.youtube.com/watch33f3.html]
[www.youtube.com/android-app_/com.google.android.youtube/http/www.youtube.com/watchd6df.html]
[www.youtube.com/ios-app_/544007664/vnd.youtube/www.youtube.com/watch.157d6df.delayed]
[www.youtube.com/oembed9ff6.json]
[www.youtube.com/oembed7c2d]
[i.ytimg.com/vi/l-epKcOA7RQ/maxresdefault.jpg]
[www.youtube.com/embed/l-epKcOA7RQ.html]
[www.youtube.com/s/desktop/bc7edae9/jsbin/spf.vflset/spf.js]
[www.youtube.com/+/index.html]
[www.youtube.com/s/desktop/bc7edae9/jsbin/network.vflset/network.js]
[www.youtube.com/creators/index.html]
[www.youtube.com/t/terms.html]
[www.youtube.com/ads/index.html]
[www.youtube.com/t/contact_us/index.html]
[www.youtube.com/howyoutubeworks/indexd320.html]
[www.youtube.com/new.html]
[www.youtube.com/s/desktop/bc7edae9/jsbin/desktop_polymer_legacy_browsers.vflset/desktop_polymer_legacy_browsers.js]
[www.youtube.com/async_attach_app_loader.163.delayed]
[www.youtube.com/watch4b47.html]
[ergo.creativezeune.com/wp-content/plugins/woocommerce/assets/css/photoswipe/photoswipe.minad76.css]
[ergo.creativezeune.com/product/genius-trail-jx-100/feed/index.html]
[ergo.creativezeune.com/wp-content/plugins/woocommerce/assets/css/photoswipe/default-skin/default-skin.minad76.css]
[ergo.creativezeune.com/wp-content/uploads/sites/7/elementor/css/post-7996637.css]
[ergo.creativezeune.com/wp-json/wp/v2/product/1099.json]
[ergo.creativezeune.com/wp-json/oembed/1.0/embed75af.json]
[ergo.creativezeune.com/wp-json/oembed/1.0/embed8343]
[ergo.creativezeune.com/wp-content/uploads/sites/7/2021/03/Ergobike-04-600x600.png]
[ergo.creativezeune.com/wp-content/plugins/woocommerce/assets/js/zoom/jquery.zoom.min013a.js]
[ergo.creativezeune.com/wp-content/plugins/woocommerce/assets/js/flexslider/jquery.flexslider.minf214.js]
[ergo.creativezeune.com/wp-content/plugins/woocommerce/assets/js/photoswipe/photoswipe.min08f6.js]
[ergo.creativezeune.com/wp-content/plugins/woocommerce/assets/js/photoswipe/photoswipe-ui-default.min08f6.js]
[ergo.creativezeune.com/product/genius-trail-jx-100/index.html]
[ergo.creativezeune.com/wp-content/plugins/woocommerce/assets/js/frontend/single-product.minad76.js]
[ergo.creativezeune.com/index639b.html]
[ergo.creativezeune.com/product/erg-fuel-carbon-fe/feed/index.html]
[ergo.creativezeune.com/product/genius-trail-jx-100/index639b.html]
[ergo.creativezeune.com/product-category/ergo-mtb/index.html]
[ergo.creativezeune.com/product/genius-trail-jx-100/indexe783.html]
[ergo.creativezeune.com/product/genius-trail-jx-100/indexd57a.html]
[ergo.creativezeune.com/product/genius-trail-jx-100/indexa5d8.html]
[ergo.creativezeune.com/wp-json/wp/v2/product/1098.json]
[ergo.creativezeune.com/cart/index.html]
[ergo.creativezeune.com/wp-json/oembed/1.0/embed0039.json]
[ergo.creativezeune.com/wp-json/oembed/1.0/embed705f]
[ergo.creativezeune.com/wp-content/uploads/sites/7/2021/03/Ergobike-03-600x600.png]
[ergo.creativezeune.com/product/erg-fuel-carbon-fe/index.html]
[ergo.creativezeune.com/indexd57a.html]
[ergo.creativezeune.com/indexe783.html]
[ergo.creativezeune.com/product/ergo-trax-trl-3-0/feed/index.html]
[ergo.creativezeune.com/product/erg-fuel-carbon-fe/index639b.html]
[ergo.creativezeune.com/wp-json/wp/v2/product/1096.json]
[ergo.creativezeune.com/product/erg-fuel-carbon-fe/indexa5d8.html]
[ergo.creativezeune.com/product/erg-fuel-carbon-fe/indexd57a.html]
[ergo.creativezeune.com/product/erg-fuel-carbon-fe/indexe783.html]
[ergo.creativezeune.com/wp-json/oembed/1.0/embed371b.json]
[ergo.creativezeune.com/wp-json/oembed/1.0/embed5892]
[ergo.creativezeune.com/wp-content/uploads/sites/7/2021/03/Ergobike-01-600x600.png]
[ergo.creativezeune.com/product/ergo-trax-trl-3-0/index.html]
[ergo.creativezeune.com/indexa5d8.html]
[ergo.creativezeune.com/2021/03/09/focus-ergo-mx514-gravel-bike-review/feed/index.html]
[ergo.creativezeune.com/product/ergo-trax-trl-3-0/index639b.html]
[ergo.creativezeune.com/wp-json/wp/v2/posts/706.json]
[ergo.creativezeune.com/product/ergo-trax-trl-3-0/indexd57a.html]
[ergo.creativezeune.com/product/ergo-trax-trl-3-0/indexe783.html]
[ergo.creativezeune.com/product/ergo-trax-trl-3-0/indexa5d8.html]
[ergo.creativezeune.com/wp-json/oembed/1.0/embed05e6.json]
[ergo.creativezeune.com/2021/03/09/focus-ergo-mx514-gravel-bike-review/index.html]
[ergo.creativezeune.com/wp-json/oembed/1.0/embed2000]
[ergo.creativezeune.com/category/ergo-riders/feed/index.html]
[ergo.creativezeune.com/2021/03/09/focus-ergo-mx514-gravel-bike-review/index5593.html]
[ergo.creativezeune.com/wp-json/wp/v2/categories/26.json]
[ergo.creativezeune.com/wp-content/uploads/sites/7/2021/02/Bike-rider-1024x683.jpg]
[ergo.creativezeune.com/wp-content/uploads/sites/7/2021/02/Ergo-Trail-Tested-1024x683.jpg]
[ergo.creativezeune.com/category/ergo-riders/index.html]
[ergo.creativezeune.com/category/road-bike/feed/index.html]
[ergo.creativezeune.com/wp-json/wp/v2/categories/24.json]
[ergo.creativezeune.com/wp-content/uploads/sites/7/2021/02/Lightest-Bike-1024x683.jpg]
[ergo.creativezeune.com/category/road-bike/index.html]
[ergo.creativezeune.com/category/tips-and-tricks/feed/index.html]
[ergo.creativezeune.com/wp-json/wp/v2/categories/29.json]
[ergo.creativezeune.com/wp-content/uploads/sites/7/2021/02/Rider-2-1024x683.jpg]
[ergo.creativezeune.com/category/tips-and-tricks/index.html]
[ergo.creativezeune.com/category/urban-ride/feed/index.html]
[ergo.creativezeune.com/wp-json/wp/v2/categories/25.json]
[ergo.creativezeune.com/category/urban-ride/index.html]
[ergo.creativezeune.com/2021/02/16/ergo-switchblade/feed/index.html]
[ergo.creativezeune.com/wp-json/wp/v2/posts/1.json]
[ergo.creativezeune.com/wp-json/oembed/1.0/embedc4d8.json]
[ergo.creativezeune.com/wp-json/oembed/1.0/embed61ac]
[ergo.creativezeune.com/2021/02/16/ergo-switchblade/index.html]
[ergo.creativezeune.com/2021/02/16/ergo-switchblade/index5593.html]
[ergo.creativezeune.com/category/bike-hacks/feed/index.html]
[ergo.creativezeune.com/2021/02/16/index.html]
[ergo.creativezeune.com/wp-json/wp/v2/categories/22.json]
[ergo.creativezeune.com/category/bike-hacks/index.html]
[products.wpmet.com/elementskit/index.html]
[ergo.creativezeune.com/wp-content/plugins/premium-addons-for-elementor/assets/editor/fonts/pa-elements0d08.eot]
[ergo.creativezeune.com/wp-content/plugins/premium-addons-for-elementor/assets/editor/fonts/pa-elements0d08.ttf]
[ergo.creativezeune.com/wp-content/plugins/premium-addons-for-elementor/assets/editor/fonts/pa-elements0d08.woff]
[ergo.creativezeune.com/wp-content/plugins/premium-addons-for-elementor/assets/frontend/min-css/premium-addons.min1c9b.css]
[ergo.creativezeune.com/wp-content/plugins/elementor/assets/lib/animations/animations.minb045.css]
[gmpg.org/xfn/default.css]
[gmpg.org/xfn/intro.html]
[gmpg.org/xfn/faq.html]
[gmpg.org/xfn/thanks.html]
[ergo.creativezeune.com/wp-includes/js/mediaelement/mejs-controls.svg]
[ergo.creativezeune.com/wp-content/plugins/woocommerce/assets/fonts/star.svg]
[ergo.creativezeune.com/wp-content/plugins/woocommerce/assets/fonts/WooCommerce.svg]
[ergo.creativezeune.com/wp-content/plugins/woocommerce/assets/images/icons/loader.svg]
[ergo.creativezeune.com/wp-content/plugins/woocommerce/assets/images/icons/credit-cards/visa.svg]
[ergo.creativezeune.com/wp-content/plugins/woocommerce/assets/images/icons/credit-cards/mastercard.svg]
[ergo.creativezeune.com/wp-content/plugins/woocommerce/assets/images/icons/credit-cards/laser.svg]
[ergo.creativezeune.com/wp-content/plugins/woocommerce/assets/images/icons/credit-cards/diners.svg]
[ergo.creativezeune.com/wp-content/plugins/woocommerce/assets/images/icons/credit-cards/maestro.svg]
[ergo.creativezeune.com/wp-content/plugins/woocommerce/assets/images/icons/credit-cards/jcb.svg]
[ergo.creativezeune.com/wp-content/plugins/woocommerce/assets/images/icons/credit-cards/amex.svg]
[ergo.creativezeune.com/wp-content/plugins/woocommerce/assets/images/icons/credit-cards/discover.svg]
[ergo.creativezeune.com/wp-content/plugins/premium-addons-for-elementor/assets/editor/fonts/pa-elements0d08.svg]
[ergo.creativezeune.com/wp-content/plugins/elementor/assets/lib/eicons/fonts/eiconsc387.svg]
[ergo.creativezeune.com/wp-content/plugins/wpforms-lite/assets/images/times-solid-white.svg]
[ergo.creativezeune.com/wp-content/plugins/elementor/assets/lib/font-awesome/webfonts/fa-brands-400.svg]
[ergo.creativezeune.com/wp-content/plugins/elementor/assets/lib/font-awesome/webfonts/fa-regular-400.svg]
[ergo.creativezeune.com/wp-content/plugins/elementor/assets/lib/font-awesome/webfonts/fa-solid-900.svg]
[ergo.creativezeune.com/wp-content/plugins/elementskit-lite/widgets/init/assets/img/cross-out.svg]
[ergo.creativezeune.com/wp-content/uploads/sites/7/elementor/css/post-903e457.css]
[ergo.creativezeune.com/shop/index639b.html]
[ergo.creativezeune.com/shop/indexd57a.html]
[ergo.creativezeune.com/shop/indexe783.html]
[ergo.creativezeune.com/shop/indexa5d8.html]
[ergo.creativezeune.com/product/camello-carbon-axs-54/index.html]
[ergo.creativezeune.com/shop/index30b5.html]
[ergo.creativezeune.com/product/ergo-ouval-rv-50/index.html]
[ergo.creativezeune.com/shop/index8365.html]
[ergo.creativezeune.com/product/gennie-ebx-900-ex/index.html]
[ergo.creativezeune.com/shop/index15cb.html]
[ergo.creativezeune.com/product/gennie-ebx-900/index.html]
[ergo.creativezeune.com/shop/index5bce.html]
[ergo.creativezeune.com/product/ripple-optic-rbx/index.html]
[ergo.creativezeune.com/shop/index5ecf.html]
[ergo.creativezeune.com/product/trance-reactor-tr-10/index.html]
[ergo.creativezeune.com/shop/index0be2.html]
[ergo.creativezeune.com/product/specturm-erg-x1/index.html]
[ergo.creativezeune.com/shop/index8ee9.html]
[ergo.creativezeune.com/product/ergo-hbx-21-carbon/index.html]
[ergo.creativezeune.com/shop/indexb7cf.html]
[ergo.creativezeune.com/wp-content/uploads/sites/7/elementor/css/post-47112d9.css]
[ergo.creativezeune.com/index0e62.html]
[ergo.creativezeune.com/about/index5593.html]
[ergo.creativezeune.com/about/http_/ergo.creativezeune.com/wp-content/uploads/sites/7/2021/02/A11V8406.html]
[ergo.creativezeune.com/wp-content/uploads/sites/7/elementor/css/post-58658c0.css]
[ergo.creativezeune.com/index6a35.html]
[ergo.creativezeune.com/maintenance/index5593.html]
[ergo.creativezeune.com/maintenance/http_/ergo.creativezeune.com/wp-content/uploads/sites/7/2021/03/Team-01.html]
[ergo.creativezeune.com/wp-content/uploads/sites/7/elementor/css/post-721ff41.css]
[ergo.creativezeune.com/2021/01/04/ergo-launches-worlds-lightest-e-road-bike/feed/index.html]
[ergo.creativezeune.com/wp-json/wp/v2/posts/709.json]
[ergo.creativezeune.com/wp-json/oembed/1.0/embedb22b.json]
[ergo.creativezeune.com/wp-json/oembed/1.0/embedd774]
[ergo.creativezeune.com/2021/01/04/ergo-launches-worlds-lightest-e-road-bike/index.html]
[ergo.creativezeune.com/2021/01/04/ergo-launches-worlds-lightest-e-road-bike/index5593.html]
[ergo.creativezeune.com/tag/e-bike/feed/index.html]
[ergo.creativezeune.com/2021/01/04/index.html]
[ergo.creativezeune.com/wp-json/wp/v2/tags/35.json]
[ergo.creativezeune.com/tag/e-bike/index.html]
[ergo.creativezeune.com/tag/road-bike/feed/index.html]
[ergo.creativezeune.com/wp-json/wp/v2/tags/36.json]
[ergo.creativezeune.com/tag/road-bike/index.html]
[ergo.creativezeune.com/2021/02/09/the-messy-truth-about-spray-on-chain-lube/feed/index.html]
[ergo.creativezeune.com/wp-json/wp/v2/posts/705.json]
[ergo.creativezeune.com/wp-json/oembed/1.0/embed7a68.json]
[ergo.creativezeune.com/2021/02/09/the-messy-truth-about-spray-on-chain-lube/index.html]
[ergo.creativezeune.com/wp-json/oembed/1.0/embed6610]
[ergo.creativezeune.com/tag/ergo-tips/feed/index.html]
[ergo.creativezeune.com/2021/02/09/the-messy-truth-about-spray-on-chain-lube/index5593.html]
[ergo.creativezeune.com/wp-json/wp/v2/tags/27.json]
[ergo.creativezeune.com/tag/ergo-tips/index.html]
[ergo.creativezeune.com/tag/how-to/feed/index.html]
[ergo.creativezeune.com/2021/02/09/index.html]
[ergo.creativezeune.com/wp-json/wp/v2/tags/28.json]
[ergo.creativezeune.com/tag/how-to/index.html]
[ergo.creativezeune.com/tag/ergo-bike/feed/index.html]
[ergo.creativezeune.com/wp-json/wp/v2/tags/32.json]
[ergo.creativezeune.com/tag/ergo-bike/index.html]
[ergo.creativezeune.com/2021/01/17/how-to-raise-a-handlebars-on-your-ergo-bike/index.html]
[ergo.creativezeune.com/2021/02/09/ergo-trw-fork-gold-race-to-go-ahead-on-closed-circuit/index.html]
[ergo.creativezeune.com/2021/01/09/joshua-cavera-sprints-to-his-best-result-in-years-at-gp-greenland/feed/index.html]
[ergo.creativezeune.com/wp-json/wp/v2/posts/707.json]
[ergo.creativezeune.com/wp-json/oembed/1.0/embed8971.json]
[ergo.creativezeune.com/wp-json/oembed/1.0/embed7b77]
[ergo.creativezeune.com/2021/01/09/joshua-cavera-sprints-to-his-best-result-in-years-at-gp-greenland/index5593.html]
[ergo.creativezeune.com/wp-content/uploads/sites/7/2021/02/Bike-rider.jpg]
[ergo.creativezeune.com/2021/01/09/joshua-cavera-sprints-to-his-best-result-in-years-at-gp-greenland/index.html]
[ergo.creativezeune.com/2020/11/26/ergo-trail-tested-ergx-31-race-brakes-what-you-need-to-know/feed/index.html]
[ergo.creativezeune.com/2021/01/09/index.html]
[ergo.creativezeune.com/wp-json/wp/v2/posts/285.json]
[ergo.creativezeune.com/wp-json/oembed/1.0/embed6da7.json]
[ergo.creativezeune.com/wp-json/oembed/1.0/embedb610]
[ergo.creativezeune.com/2020/11/26/ergo-trail-tested-ergx-31-race-brakes-what-you-need-to-know/index5593.html]
[ergo.creativezeune.com/wp-content/uploads/sites/7/2021/02/Ergo-Trail-Tested.jpg]
[ergo.creativezeune.com/2020/11/26/ergo-trail-tested-ergx-31-race-brakes-what-you-need-to-know/index.html]
[ergo.creativezeune.com/wp-content/uploads/sites/7/elementor/css/post-77631ed.css]
[ergo.creativezeune.com/index5d09.html]
[cdn.ampproject.org/v0.js]
[pixel.wp.com/g1061.gif]
[ergo.creativezeune.com/2021/03/09/cycling-on-your-period-harness-the-power-of-your-hormones/index5593.html]
[ergo.creativezeune.com/2020/11/26/index.html]
[ergo.creativezeune.com/author/sandez/index.html]
[ergo.creativezeune.com/2021/03/09/index.html]
[ergo.creativezeune.com/wp-content/uploads/sites/7/elementor/css/post-6026d2f.css]
[ergo.creativezeune.com/index7dad.html]
[ergo.creativezeune.com/testimonials/index5593.html]
[ergo.creativezeune.com/wp-content/uploads/sites/7/elementor/css/post-572d77a.css]
[ergo.creativezeune.com/index28a7.html]
[ergo.creativezeune.com/rent-a-bike/index5593.html]
[ergo.creativezeune.com/rent-a-bike/index639b.html]
[ergo.creativezeune.com/rent-a-bike/indexd57a.html]
[ergo.creativezeune.com/rent-a-bike/indexe783.html]
[ergo.creativezeune.com/rent-a-bike/indexa5d8.html]
[ergo.creativezeune.com/wp-content/uploads/sites/7/elementor/css/post-518fcdd.css]
[ergo.creativezeune.com/indexc37e.html]
[ergo.creativezeune.com/events/index5593.html]
[ergo.creativezeune.com/events/index639b.html]
[ergo.creativezeune.com/wp-json/wp/v2/users/1.json]
[ergo.creativezeune.com/events/indexd57a.html]
[ergo.creativezeune.com/events/indexe783.html]
[ergo.creativezeune.com/events/indexa5d8.html]
[ergo.creativezeune.com/wp-content/uploads/sites/7/elementor/css/post-697cb92.css]
[ergo.creativezeune.com/index61f2.html]
[ergo.creativezeune.com/contact/index5593.html]
[ergo.creativezeune.com/wp-content/uploads/sites/7/elementor/css/post-62942fe.css]
[ergo.creativezeune.com/index4976.html]
[ergo.creativezeune.com/find-retailers/index5593.html]
[ergo.creativezeune.com/wp-content/uploads/sites/7/elementor/css/post-623e6ca.css]
[ergo.creativezeune.com/indexde52.html]
[ergo.creativezeune.com/careers/index5593.html]
[ergo.creativezeune.com/wp-content/uploads/sites/7/elementor/css/post-67227b7.css]
[ergo.creativezeune.com/indexe712.html]
[ergo.creativezeune.com/help-center/index5593.html]
[ergo.creativezeune.com/wp-content/uploads/sites/7/elementor/css/post-6659278.css]
[ergo.creativezeune.com/indexc9c1.html]
[ergo.creativezeune.com/privacy-policy/index5593.html]
[ergo.creativezeune.com/index8be6.html]
[ergo.creativezeune.com/wp-content/uploads/sites/7/elementor/css/post-338dc2.css]
[ergo.creativezeune.com/wp-content/uploads/sites/7/elementor/css/post-92070f2.css]
[ergo.creativezeune.com/indexdd23.html]
[ergo.creativezeune.com/error-404/index5593.html]
[www.youtube.com/error_2049a45.html]
[www.youtube.com/s/player/326d75a6/www-player.css]
[www.youtube.com/s/desktop/bc7edae9/cssbin/www-main-desktop-watch-page-skeleton.css]
[www.youtube.com/s/desktop/bc7edae9/cssbin/www-main-desktop-player-skeleton.css]
[www.youtube.com/s/desktop/bc7edae9/cssbin/www-onepick.css]
[www.youtube.com/watch33f3.html]
[www.youtube.com/android-app_/com.google.android.youtube/http/www.youtube.com/watchd6df.html]
[www.youtube.com/ios-app_/544007664/vnd.youtube/www.youtube.com/watchd6df.html]
[www.youtube.com/embed/l-epKcOA7RQ.html]
[www.youtube.com/+/index.html]
[www.youtube.com/about/index.html]
[www.youtube.com/about/press/index.html]
[www.youtube.com/about/copyright/index.html]
[www.youtube.com/t/contact_us/index.html]
[www.youtube.com/creators/index.html]
[www.youtube.com/ads/index.html]
[www.youtube.com/t/terms.html]
[www.youtube.com/about/policies/index.html]
[www.youtube.com/howyoutubeworks/indexd320.html]
[www.youtube.com/new.html]
[www.youtube.com/async_attach_app_loader.html]
[ergo.creativezeune.com/wp-content/plugins/woocommerce/assets/css/photoswipe/photoswipe.minad76.css]
[ergo.creativezeune.com/wp-content/plugins/woocommerce/assets/css/photoswipe/default-skin/default-skin.minad76.css]
[ergo.creativezeune.com/wp-content/uploads/sites/7/elementor/css/post-7996637.css]
[ergo.creativezeune.com/index8f31.html]
[ergo.creativezeune.com/product/genius-trail-jx-100/index639b.html]
[ergo.creativezeune.com/product/genius-trail-jx-100/indexd57a.html]
[ergo.creativezeune.com/product/genius-trail-jx-100/indexe783.html]
[ergo.creativezeune.com/product/genius-trail-jx-100/indexa5d8.html]
[ergo.creativezeune.com/product-category/ergo-mtb/index.html]
[ergo.creativezeune.com/cart/index.html]
[ergo.creativezeune.com/index8ef5.html]
[ergo.creativezeune.com/product/erg-fuel-carbon-fe/index639b.html]
[ergo.creativezeune.com/product/erg-fuel-carbon-fe/indexd57a.html]
[ergo.creativezeune.com/product/erg-fuel-carbon-fe/indexe783.html]
[ergo.creativezeune.com/product/erg-fuel-carbon-fe/indexa5d8.html]
[ergo.creativezeune.com/index52a0.html]
[ergo.creativezeune.com/product/ergo-trax-trl-3-0/index639b.html]
[ergo.creativezeune.com/product/ergo-trax-trl-3-0/indexd57a.html]
[ergo.creativezeune.com/product/ergo-trax-trl-3-0/indexe783.html]
[ergo.creativezeune.com/product/ergo-trax-trl-3-0/indexa5d8.html]
[ergo.creativezeune.com/indexf8ad.html]
[ergo.creativezeune.com/author/sandez/feed/index.html]
[pixel.wp.com/g0f90.gif]
[ergo.creativezeune.com/2021/03/09/focus-ergo-mx514-gravel-bike-review/index5593.html]
[ergo.creativezeune.com/indexcff1.html]
[pixel.wp.com/g5aba.gif]
[ergo.creativezeune.com/2021/02/16/ergo-switchblade/index5593.html]
[ergo.creativezeune.com/2021/02/16/index.html]
[ergo.creativezeune.com/wp-content/plugins/premium-addons-for-elementor/assets/editor/fonts/pa-elements0d08.svg]
[ergo.creativezeune.com/indexc344.html]
[ergo.creativezeune.com/2021/01/04/ergo-launches-worlds-lightest-e-road-bike/index5593.html]
[ergo.creativezeune.com/2021/01/04/index.html]
[ergo.creativezeune.com/index2ae7.html]
[ergo.creativezeune.com/2021/02/09/the-messy-truth-about-spray-on-chain-lube/index5593.html]
[ergo.creativezeune.com/2021/02/09/index.html]
[ergo.creativezeune.com/index25b8.html]
[ergo.creativezeune.com/2021/01/09/joshua-cavera-sprints-to-his-best-result-in-years-at-gp-greenland/index5593.html]
[ergo.creativezeune.com/2021/01/09/index.html]
[ergo.creativezeune.com/indexd0b8.html]
[ergo.creativezeune.com/2020/11/26/ergo-trail-tested-ergx-31-race-brakes-what-you-need-to-know/index5593.html]
[ergo.creativezeune.com/2020/11/26/index.html]
[ergo.creativezeune.com/tag/gears/index.html]
[ergo.creativezeune.com/tag/gears/index.html]
[ergo.creativezeune.com/tag/product-review/index.html]
[ergo.creativezeune.com/tag/product-review/index.html]
